// Jest Snapshot v1, https://goo.gl/fbAQLP

exports[`renders correctly 1`] = `
<View
  style={
    Object {
      "alignItems": "center",
      "backgroundColor": "white",
      "flex": 1,
      "justifyContent": "center",
    }
  }
>
  <View
    style={
      Object {
        "alignItems": "center",
        "justifyContent": "center",
      }
    }
  >
    <Image
      source={
        Object {
          "testUri": "../../../assets/logo.jpeg",
        }
      }
      style={
        Object {
          "height": 267,
          "width": 300,
        }
      }
    />
  </View>
  <View
    accessible={true}
    focusable={true}
    onClick={[Function]}
    onResponderGrant={[Function]}
    onResponderMove={[Function]}
    onResponderRelease={[Function]}
    onResponderTerminate={[Function]}
    onResponderTerminationRequest={[Function]}
    onStartShouldSetResponder={[Function]}
    style={
      Object {
        "alignItems": "center",
        "backgroundColor": "#fa5f6a",
        "borderRadius": 5,
        "fontFamily": "Asap-Regular",
        "marginBottom": 10,
        "padding": 10,
        "width": 375,
      }
    }
  >
    <Text
      style={
        Object {
          "color": "white",
          "fontFamily": "Asap-Regular",
        }
      }
    >
       LOGIN 
    </Text>
  </View>
  <View
    accessible={true}
    focusable={true}
    onClick={[Function]}
    onResponderGrant={[Function]}
    onResponderMove={[Function]}
    onResponderRelease={[Function]}
    onResponderTerminate={[Function]}
    onResponderTerminationRequest={[Function]}
    onStartShouldSetResponder={[Function]}
    style={
      Object {
        "alignItems": "center",
        "backgroundColor": "#fa5f6a",
        "borderRadius": 5,
        "fontFamily": "Asap-Regular",
        "marginBottom": 10,
        "padding": 10,
        "width": 375,
      }
    }
  >
    <Text
      style={
        Object {
          "color": "white",
          "fontFamily": "Asap-Regular",
        }
      }
    >
       SIGN UP 
    </Text>
  </View>
  <View
    accessible={true}
    focusable={true}
    onClick={[Function]}
    onResponderGrant={[Function]}
    onResponderMove={[Function]}
    onResponderRelease={[Function]}
    onResponderTerminate={[Function]}
    onResponderTerminationRequest={[Function]}
    onStartShouldSetResponder={[Function]}
    style={
      Object {
        "alignItems": "center",
        "backgroundColor": "#fa5f6a",
        "borderRadius": 5,
        "fontFamily": "Asap-Regular",
        "marginBottom": 10,
        "padding": 10,
        "width": 375,
      }
    }
  >
    <Text
      style={
        Object {
          "color": "white",
          "fontFamily": "Asap-Regular",
        }
      }
    >
       SEE A COMMUNITY 
    </Text>
  </View>
</View>
`;
